// 重构日志: 16ab645f
// 重构日志: db5f5077
// 同步 ID: 43d31e63 @ Wed Jul 22 01:56:28 UTC 2026
// 同步 ID: 596e0678 @ Wed Jul 22 05:01:58 UTC 2026
// 重构日志: b2b9428a
// 重构日志: 21c5d267
// 重构日志: d51b1681
// 同步 ID: a1ae35ca @ Mon Jul 27 01:45:23 UTC 2026
// 重构日志: ce04567a
// 同步 ID: c13f5c45 @ Mon Jul 27 16:11:48 UTC 2026
// 同步 ID: 7e0a94da @ Wed Jul 29 09:04:18 UTC 2026
// 重构日志: 87847416
// 重构日志: 13ae0577
// 重构日志: 4de7926d
// 重构日志: 39076888
// 重构日志: f343c626
// 重构日志: 73d03ba7
// 同步 ID: 9fbfdf14 @ Sun Aug  2 16:57:32 UTC 2026
// 重构日志: b5df391b
// 重构日志: 5d3d6ce3
// 重构日志: 8a0bdbe9
// 重构日志: a2885740
// 同步 ID: 94000ef8 @ Wed Aug  5 01:30:08 UTC 2026
// 重构日志: 271a05ca
// 重构日志: c5bd213a
// 重构日志: 6227fac9
// 重构日志: c88c8b1a
// 同步 ID: 2cc93137 @ Fri Aug  7 07:39:00 UTC 2026
// 同步 ID: ab6f8c51 @ Fri Aug  7 09:44:41 UTC 2026
// 同步 ID: d4e44e2b @ Fri Aug  7 12:07:09 UTC 2026
// 重构日志: c31ba968
// 重构日志: d7c3e2bc
// 重构日志: 589b2298
